{"address":"127.0.0.1","code":"ECONNREFUSED","errno":-4078,"level":"error","message":"Failed to start server: connect ECONNREFUSED 127.0.0.1:6379","port":6379,"stack":"Error: connect ECONNREFUSED 127.0.0.1:6379\n    at TCPConnectWrap.afterConnect [as oncomplete] (node:net:1636:16)","syscall":"connect","timestamp":"2026-09-11 11:00:43"}
{"address":"127.0.0.1","code":"ECONNREFUSED","errno":-4078,"level":"error","message":"Failed to start server: connect ECONNREFUSED 127.0.0.1:6379","port":6379,"stack":"Error: connect ECONNREFUSED 127.0.0.1:6379\n    at TCPConnectWrap.afterConnect [as oncomplete] (node:net:1636:16)","syscall":"connect","timestamp":"2026-09-11 11:57:48"}
{"level":"info","message":"Redis connected","timestamp":"2026-09-11 12:04:56"}
{"level":"info","message":"Redis connected successfully","timestamp":"2026-09-11 12:04:56"}
{"level":"info","message":"Socket.IO and workers initialized","timestamp":"2026-09-11 12:04:56"}
{"level":"info","message":"Server running on port 5000","timestamp":"2026-09-11 12:04:56"}
{"level":"info","message":"Redis connected","timestamp":"2026-09-11 12:10:51"}
{"level":"info","message":"Redis connected successfully","timestamp":"2026-09-11 12:10:51"}
{"level":"info","message":"Socket.IO and workers initialized","timestamp":"2026-09-11 12:10:51"}
{"level":"info","message":"Server running on port 5000","timestamp":"2026-09-11 12:10:51"}
{"level":"info","message":"Redis connected","timestamp":"2026-09-11 13:10:54"}
{"level":"info","message":"Redis connected successfully","timestamp":"2026-09-11 13:10:54"}
{"level":"info","message":"Socket.IO and workers initialized","timestamp":"2026-09-11 13:10:54"}
{"level":"info","message":"Server running on port 5000","timestamp":"2026-09-11 13:10:54"}
{"level":"info","message":"Redis connected","timestamp":"2026-09-11 13:16:09"}
{"level":"info","message":"Redis connected successfully","timestamp":"2026-09-11 13:16:09"}
{"level":"info","message":"Socket.IO and workers initialized","timestamp":"2026-09-11 13:16:09"}
{"level":"info","message":"Server running on port 5000","timestamp":"2026-09-11 13:16:09"}
{"level":"info","message":"Redis connected","timestamp":"2026-09-11 13:28:17"}
{"level":"info","message":"Redis connected successfully","timestamp":"2026-09-11 13:28:17"}
{"level":"info","message":"Socket.IO and workers initialized","timestamp":"2026-09-11 13:28:17"}
{"level":"info","message":"Server running on port 5000","timestamp":"2026-09-11 13:28:17"}
{"level":"info","message":"Redis connected","timestamp":"2026-09-11 13:32:00"}
{"level":"info","message":"Redis connected successfully","timestamp":"2026-09-11 13:32:00"}
{"level":"info","message":"Socket.IO and workers initialized","timestamp":"2026-09-11 13:32:00"}
{"level":"info","message":"Server running on port 5000","timestamp":"2026-09-11 13:32:00"}
{"level":"info","message":"Redis connected","timestamp":"2026-09-11 14:10:42"}
{"level":"info","message":"Redis connected successfully","timestamp":"2026-09-11 14:10:42"}
{"level":"info","message":"Socket.IO and workers initialized","timestamp":"2026-09-11 14:10:42"}
{"level":"info","message":"Server running on port 5000","timestamp":"2026-09-11 14:10:42"}
{"level":"info","message":"Redis connected","timestamp":"2026-09-11 14:11:08"}
{"level":"info","message":"Redis connected successfully","timestamp":"2026-09-11 14:11:08"}
{"level":"info","message":"Socket.IO and workers initialized","timestamp":"2026-09-11 14:11:08"}
{"level":"info","message":"Server running on port 5000","timestamp":"2026-09-11 14:11:08"}
{"level":"info","message":"Redis connected","timestamp":"2026-09-11 14:51:24"}
{"level":"info","message":"Redis connected successfully","timestamp":"2026-09-11 14:51:24"}
{"level":"info","message":"Socket.IO and workers initialized","timestamp":"2026-09-11 14:51:24"}
{"level":"info","message":"Server running on port 5000","timestamp":"2026-09-11 14:51:24"}
{"level":"info","message":"Redis connected","timestamp":"2026-09-11 14:51:28"}
{"level":"info","message":"Redis connected successfully","timestamp":"2026-09-11 14:51:28"}
{"level":"info","message":"Socket.IO and workers initialized","timestamp":"2026-09-11 14:51:28"}
{"level":"info","message":"Server running on port 5000","timestamp":"2026-09-11 14:51:28"}
{"level":"info","message":"Redis connected","timestamp":"2026-09-11 14:52:04"}
{"level":"info","message":"Redis connected successfully","timestamp":"2026-09-11 14:52:04"}
{"level":"info","message":"Socket.IO and workers initialized","timestamp":"2026-09-11 14:52:04"}
{"level":"info","message":"Server running on port 5000","timestamp":"2026-09-11 14:52:04"}
{"level":"info","message":"Redis connected","timestamp":"2026-09-11 14:53:15"}
{"level":"info","message":"Redis connected successfully","timestamp":"2026-09-11 14:53:15"}
{"level":"info","message":"Socket.IO and workers initialized","timestamp":"2026-09-11 14:53:15"}
{"level":"info","message":"Server running on port 5000","timestamp":"2026-09-11 14:53:15"}
{"level":"info","message":"Redis connected","timestamp":"2026-09-11 14:54:11"}
{"level":"info","message":"Redis connected successfully","timestamp":"2026-09-11 14:54:11"}
{"level":"info","message":"Socket.IO and workers initialized","timestamp":"2026-09-11 14:54:11"}
{"level":"info","message":"Server running on port 5000","timestamp":"2026-09-11 14:54:11"}
{"level":"info","message":"Redis connected","timestamp":"2026-09-11 14:58:14"}
{"level":"info","message":"Redis connected successfully","timestamp":"2026-09-11 14:58:14"}
{"level":"info","message":"Socket.IO and workers initialized","timestamp":"2026-09-11 14:58:14"}
{"level":"info","message":"Server running on port 5000","timestamp":"2026-09-11 14:58:14"}
{"level":"info","message":"Redis connected","timestamp":"2026-09-11 15:00:00"}
{"level":"info","message":"Redis connected successfully","timestamp":"2026-09-11 15:00:00"}
{"level":"info","message":"Socket.IO and workers initialized","timestamp":"2026-09-11 15:00:00"}
{"level":"info","message":"Server running on port 5000","timestamp":"2026-09-11 15:00:00"}
{"level":"info","message":"Redis connected","timestamp":"2026-09-11 15:01:07"}
{"level":"info","message":"Redis connected successfully","timestamp":"2026-09-11 15:01:07"}
{"level":"info","message":"Socket.IO and workers initialized","timestamp":"2026-09-11 15:01:07"}
{"level":"info","message":"Server running on port 5000","timestamp":"2026-09-11 15:01:07"}
{"level":"info","message":"Redis connected","timestamp":"2026-09-11 15:01:24"}
{"level":"info","message":"Redis connected successfully","timestamp":"2026-09-11 15:01:24"}
{"level":"info","message":"Socket.IO and workers initialized","timestamp":"2026-09-11 15:01:24"}
{"level":"info","message":"Server running on port 5000","timestamp":"2026-09-11 15:01:24"}
{"level":"info","message":"Redis connected","timestamp":"2026-09-11 19:35:46"}
{"level":"info","message":"Redis connected successfully","timestamp":"2026-09-11 19:35:46"}
{"level":"info","message":"Socket.IO and workers initialized","timestamp":"2026-09-11 19:35:46"}
{"level":"info","message":"Server running on port 5000","timestamp":"2026-09-11 19:35:46"}
